// Jest Snapshot v1, https://goo.gl/fbAQLP

exports[`Mount a vue component 1`] = `
<div>
  <h1>Hello Something new</h1>
</div>
`;
